2026-09-14 20:01:17[INFO]:[histgb] 5fold cv_root: D:\UserData\Desktop\Github-project\Dbond2\DBond\sklearn_baseline\result\cv\histgb\20260914_200117
2026-09-14 20:01:17[INFO]:[histgb] fold 1222: 构建键级特征 (train=1222.train.fbr.shuffle.multi.csv, test=1222.test.fbr.multi.csv)
2026-09-14 20:01:26[INFO]:[histgb] fold 1222: train 10,017,042 键行 / test 2,456,682 键行, 特征 18 维
2026-09-14 20:04:47[INFO]:[histgb] fold 1222: val_f1=0.8260 {'fit_seconds': 181.4}
2026-09-14 20:05:28[INFO]:[histgb] fold 1222: pred -> D:\UserData\Desktop\Github-project\Dbond2\DBond\sklearn_baseline\result\cv\histgb\20260914_200117\fold_1222\pred\test.pred.csv
2026-09-14 20:05:28[INFO]:[histgb] fold 1222: test f1_micro=0.7874 q_spearman_pep_seq=0.3827
2026-09-14 20:05:29[INFO]:[histgb] 5fold summary:
2026-09-14 20:05:29[INFO]:[logreg] 5fold cv_root: D:\UserData\Desktop\Github-project\Dbond2\DBond\sklearn_baseline\result\cv\logreg\20260914_200117
2026-09-14 20:05:29[INFO]:[logreg] fold 1222: 构建键级特征 (train=1222.train.fbr.shuffle.multi.csv, test=1222.test.fbr.multi.csv)
2026-09-14 20:05:37[INFO]:[logreg] fold 1222: train 10,017,042 键行 / test 2,456,682 键行, 特征 18 维
2026-09-14 20:05:49[INFO]:[logreg] fold 1222: val_f1=0.6822 {'fit_seconds': 9.4}
2026-09-14 20:06:10[INFO]:[logreg] fold 1222: pred -> D:\UserData\Desktop\Github-project\Dbond2\DBond\sklearn_baseline\result\cv\logreg\20260914_200117\fold_1222\pred\test.pred.csv
2026-09-14 20:06:10[INFO]:[logreg] fold 1222: test f1_micro=0.6828 q_spearman_pep_seq=0.1495
2026-09-14 20:06:10[INFO]:[logreg] 5fold summary:
                 metric         mean  std          min          max  num_folds
             subset_acc 3.752093e-02  0.0 3.752093e-02 3.752093e-02          1
                 ex_acc 5.774825e-01  0.0 5.774825e-01 5.774825e-01          1
           ex_precision 7.276262e-01  0.0 7.276262e-01 7.276262e-01          1
              ex_recall 7.596688e-01  0.0 7.596688e-01 7.596688e-01          1
                  ex_f1 6.938104e-01  0.0 6.938104e-01 6.938104e-01          1
             lab_acc_ma 7.924108e-01  0.0 7.924108e-01 7.924108e-01          1
             lab_acc_mi 7.874678e-01  0.0 7.874678e-01 7.874678e-01          1
       lab_precision_ma 7.348141e-01  0.0 7.348141e-01 7.348141e-01          1
       lab_precision_mi 7.471221e-01  0.0 7.471221e-01 7.471221e-01          1
          lab_recall_ma 7.844827e-01  0.0 7.844827e-01 7.844827e-01          1
          lab_recall_mi 8.322023e-01  0.0 8.322023e-01 8.322023e-01          1
              lab_f1_ma 7.427770e-01  0.0 7.427770e-01 7.427770e-01          1
              lab_f1_mi 7.873705e-01  0.0 7.873705e-01 7.873705e-01          1
               accuracy 7.874678e-01  0.0 7.874678e-01 7.874678e-01          1
              precision 7.471221e-01  0.0 7.471221e-01 7.471221e-01          1
                 recall 8.322023e-01  0.0 8.322023e-01 8.322023e-01          1
                     f1 7.873705e-01  0.0 7.873705e-01 7.873705e-01          1
        precision_micro 7.471221e-01  0.0 7.471221e-01 7.471221e-01          1
           recall_micro 8.322023e-01  0.0 8.322023e-01 8.322023e-01          1
               f1_micro 7.873705e-01  0.0 7.873705e-01 7.873705e-01          1
                    auc 8.683837e-01  0.0 8.683837e-01 8.683837e-01          1
              auc_macro 8.683837e-01  0.0 8.683837e-01 8.683837e-01          1
              auc_micro 8.683837e-01  0.0 8.683837e-01 8.683837e-01          1
           auc_weighted 8.683837e-01  0.0 8.683837e-01 8.683837e-01          1
           spearman_rho 7.616004e-01  0.0 7.616004e-01 7.616004e-01          1
        top10_precision 3.512769e-01  0.0 3.512769e-01 3.512769e-01          1
        top20_precision 5.343046e-01  0.0 5.343046e-01 5.343046e-01          1
        top50_precision 8.225994e-01  0.0 8.225994e-01 8.225994e-01          1
           hamming_loss 2.125322e-01  0.0 2.125322e-01 2.125322e-01          1
          positive_rate 4.728479e-01  0.0 4.728479e-01 4.728479e-01          1
     pred_positive_rate 5.266945e-01  0.0 5.266945e-01 5.266945e-01          1
      class_0_precision 7.471221e-01  0.0 7.471221e-01 7.471221e-01          1
         class_0_recall 8.322023e-01  0.0 8.322023e-01 8.322023e-01          1
             class_0_f1 7.873705e-01  0.0 7.873705e-01 7.873705e-01          1
                q_brier 7.125679e-02  0.0 7.125679e-02 7.125679e-02          1
                  q_mae 1.923369e-01  0.0 1.923369e-01 1.923369e-01          1
                 q_rmse 2.669397e-01  0.0 2.669397e-01 2.669397e-01          1
              q_pearson 7.691636e-01  0.0 7.691636e-01 7.691636e-01          1
             q_spearman 7.824354e-01  0.0 7.824354e-01 7.824354e-01          1
         q_spearman_pep 8.642535e-01  0.0 8.642535e-01 8.642535e-01          1
                 q_ndcg 9.897184e-01  0.0 9.897184e-01 9.897184e-01          1
     q_top10_enrichment 1.643888e+00  0.0 1.643888e+00 1.643888e+00          1
     q_top20_enrichment 1.590146e+00  0.0 1.590146e+00 1.590146e+00          1
    q_spearman_pep_cond 8.560183e-01  0.0 8.560183e-01 8.560183e-01          1
            q_ndcg_cond 9.790503e-01  0.0 9.790503e-01 9.790503e-01          1
q_top10_enrichment_cond 1.717009e+00  0.0 1.717009e+00 1.717009e+00          1
q_top20_enrichment_cond 1.652721e+00  0.0 1.652721e+00 1.652721e+00          1
     q_spearman_pep_seq 3.827483e-01  0.0 3.827483e-01 3.827483e-01          1
             q_ndcg_seq 9.629187e-01  0.0 9.629187e-01 9.629187e-01          1
 q_top10_enrichment_seq 1.245595e+00  0.0 1.245595e+00 1.245595e+00          1
 q_top20_enrichment_seq 1.111001e+00  0.0 1.111001e+00 1.111001e+00          1
                   seed 4.200000e+01  0.0 4.200000e+01 4.200000e+01          1
            best_val_f1 8.259613e-01  0.0 8.259613e-01 8.259613e-01          1
      n_train_bond_rows 1.001704e+07  0.0 1.001704e+07 1.001704e+07          1
       n_test_bond_rows 2.456682e+06  0.0 2.456682e+06 2.456682e+06          1
            fit_seconds 1.814000e+02  0.0 1.814000e+02 1.814000e+02          1
                 metric         mean  std          min          max  num_folds
             subset_acc 2.358700e-02  0.0 2.358700e-02 2.358700e-02          1
                 ex_acc 3.409052e-01  0.0 3.409052e-01 3.409052e-01          1
           ex_precision 4.323708e-01  0.0 4.323708e-01 4.323708e-01          1
              ex_recall 4.874091e-01  0.0 4.874091e-01 4.874091e-01          1
                  ex_f1 4.092411e-01  0.0 4.092411e-01 4.092411e-01          1
             lab_acc_ma 6.735043e-01  0.0 6.735043e-01 6.735043e-01          1
             lab_acc_mi 6.983358e-01  0.0 6.983358e-01 6.983358e-01          1
       lab_precision_ma 6.374618e-01  0.0 6.374618e-01 6.374618e-01          1
       lab_precision_mi 6.790360e-01  0.0 6.790360e-01 6.790360e-01          1
          lab_recall_ma 7.005044e-01  0.0 7.005044e-01 7.005044e-01          1
          lab_recall_mi 6.865363e-01  0.0 6.865363e-01 6.865363e-01          1
              lab_f1_ma 6.336023e-01  0.0 6.336023e-01 6.336023e-01          1
              lab_f1_mi 6.827655e-01  0.0 6.827655e-01 6.827655e-01          1
               accuracy 6.983358e-01  0.0 6.983358e-01 6.983358e-01          1
              precision 6.790360e-01  0.0 6.790360e-01 6.790360e-01          1
                 recall 6.865363e-01  0.0 6.865363e-01 6.865363e-01          1
                     f1 6.827655e-01  0.0 6.827655e-01 6.827655e-01          1
        precision_micro 6.790360e-01  0.0 6.790360e-01 6.790360e-01          1
           recall_micro 6.865363e-01  0.0 6.865363e-01 6.865363e-01          1
               f1_micro 6.827655e-01  0.0 6.827655e-01 6.827655e-01          1
                    auc 7.508585e-01  0.0 7.508585e-01 7.508585e-01          1
              auc_macro 7.508585e-01  0.0 7.508585e-01 7.508585e-01          1
              auc_micro 7.508585e-01  0.0 7.508585e-01 7.508585e-01          1
           auc_weighted 7.508585e-01  0.0 7.508585e-01 7.508585e-01          1
           spearman_rho 7.313239e-01  0.0 7.313239e-01 7.313239e-01          1
        top10_precision 2.922539e-01  0.0 2.922539e-01 2.922539e-01          1
        top20_precision 4.710464e-01  0.0 4.710464e-01 4.710464e-01          1
        top50_precision 8.146311e-01  0.0 8.146311e-01 8.146311e-01          1
           hamming_loss 3.016642e-01  0.0 3.016642e-01 3.016642e-01          1
          positive_rate 4.728479e-01  0.0 4.728479e-01 4.728479e-01          1
     pred_positive_rate 4.780708e-01  0.0 4.780708e-01 4.780708e-01          1
      class_0_precision 6.790360e-01  0.0 6.790360e-01 6.790360e-01          1
         class_0_recall 6.865363e-01  0.0 6.865363e-01 6.865363e-01          1
             class_0_f1 6.827655e-01  0.0 6.827655e-01 6.827655e-01          1
                q_brier 1.273586e-01  0.0 1.273586e-01 1.273586e-01          1
                  q_mae 3.061941e-01  0.0 3.061941e-01 3.061941e-01          1
                 q_rmse 3.568734e-01  0.0 3.568734e-01 3.568734e-01          1
              q_pearson 5.193408e-01  0.0 5.193408e-01 5.193408e-01          1
             q_spearman 5.291378e-01  0.0 5.291378e-01 5.291378e-01          1
         q_spearman_pep 8.310093e-01  0.0 8.310093e-01 8.310093e-01          1
                 q_ndcg 9.879817e-01  0.0 9.879817e-01 9.879817e-01          1
     q_top10_enrichment 1.618466e+00  0.0 1.618466e+00 1.618466e+00          1
     q_top20_enrichment 1.534563e+00  0.0 1.534563e+00 1.534563e+00          1
    q_spearman_pep_cond 8.085309e-01  0.0 8.085309e-01 8.085309e-01          1
            q_ndcg_cond 9.740666e-01  0.0 9.740666e-01 9.740666e-01          1
q_top10_enrichment_cond 1.692851e+00  0.0 1.692851e+00 1.692851e+00          1
q_top20_enrichment_cond 1.587672e+00  0.0 1.587672e+00 1.587672e+00          1
     q_spearman_pep_seq 1.495409e-01  0.0 1.495409e-01 1.495409e-01          1
             q_ndcg_seq 9.216065e-01  0.0 9.216065e-01 9.216065e-01          1
 q_top10_enrichment_seq 9.342010e-01  0.0 9.342010e-01 9.342010e-01          1
 q_top20_enrichment_seq 9.780536e-01  0.0 9.780536e-01 9.780536e-01          1
                   seed 4.200000e+01  0.0 4.200000e+01 4.200000e+01          1
            best_val_f1 6.822063e-01  0.0 6.822063e-01 6.822063e-01          1
      n_train_bond_rows 1.001704e+07  0.0 1.001704e+07 1.001704e+07          1
       n_test_bond_rows 2.456682e+06  0.0 2.456682e+06 2.456682e+06          1
            fit_seconds 9.400000e+00  0.0 9.400000e+00 9.400000e+00          12026-09-14 20:06:10[INFO]:[rf] 5fold cv_root: D:\UserData\Desktop\Github-project\Dbond2\DBond\sklearn_baseline\result\cv\rf\20260914_200117
2026-09-14 20:06:10[INFO]:[rf] fold 1222: 构建键级特征 (train=1222.train.fbr.shuffle.multi.csv, test=1222.test.fbr.multi.csv)
2026-09-14 20:06:19[INFO]:[rf] fold 1222: train 10,017,042 键行 / test 2,456,682 键行, 特征 18 维
2026-09-14 20:15:02[INFO]:[rf] fold 1222: val_f1=0.8900 {'fit_seconds': 496.0}
2026-09-14 20:15:30[INFO]:[rf] fold 1222: pred -> D:\UserData\Desktop\Github-project\Dbond2\DBond\sklearn_baseline\result\cv\rf\20260914_200117\fold_1222\pred\test.pred.csv
2026-09-14 20:15:30[INFO]:[rf] fold 1222: test f1_micro=0.7771 q_spearman_pep_seq=0.3557
2026-09-14 20:15:31[INFO]:[rf] 5fold summary:

                 metric         mean  std          min          max  num_folds
             subset_acc 2.387310e-02  0.0 2.387310e-02 2.387310e-02          1
                 ex_acc 5.695968e-01  0.0 5.695968e-01 5.695968e-01          1
           ex_precision 7.085764e-01  0.0 7.085764e-01 7.085764e-01          1
              ex_recall 7.635710e-01  0.0 7.635710e-01 7.635710e-01          1
                  ex_f1 6.897833e-01  0.0 6.897833e-01 6.897833e-01          1
             lab_acc_ma 7.815689e-01  0.0 7.815689e-01 7.815689e-01          1
             lab_acc_mi 7.764074e-01  0.0 7.764074e-01 7.764074e-01          1
       lab_precision_ma 7.083662e-01  0.0 7.083662e-01 7.083662e-01          1
       lab_precision_mi 7.350733e-01  0.0 7.350733e-01 7.350733e-01          1
          lab_recall_ma 8.096106e-01  0.0 8.096106e-01 8.096106e-01          1
          lab_recall_mi 8.241766e-01  0.0 8.241766e-01 8.241766e-01          1
              lab_f1_ma 7.479325e-01  0.0 7.479325e-01 7.479325e-01          1
              lab_f1_mi 7.770790e-01  0.0 7.770790e-01 7.770790e-01          1
               accuracy 7.764074e-01  0.0 7.764074e-01 7.764074e-01          1
              precision 7.350733e-01  0.0 7.350733e-01 7.350733e-01          1
                 recall 8.241766e-01  0.0 8.241766e-01 8.241766e-01          1
                     f1 7.770790e-01  0.0 7.770790e-01 7.770790e-01          1
        precision_micro 7.350733e-01  0.0 7.350733e-01 7.350733e-01          1
           recall_micro 8.241766e-01  0.0 8.241766e-01 8.241766e-01          1
               f1_micro 7.770790e-01  0.0 7.770790e-01 7.770790e-01          1
                    auc 8.548574e-01  0.0 8.548574e-01 8.548574e-01          1
              auc_macro 8.548574e-01  0.0 8.548574e-01 8.548574e-01          1
              auc_micro 8.548574e-01  0.0 8.548574e-01 8.548574e-01          1
           auc_weighted 8.548574e-01  0.0 8.548574e-01 8.548574e-01          1
           spearman_rho 7.605100e-01  0.0 7.605100e-01 7.605100e-01          1
        top10_precision 3.472502e-01  0.0 3.472502e-01 3.472502e-01          1
        top20_precision 5.390199e-01  0.0 5.390199e-01 5.390199e-01          1
        top50_precision 8.221332e-01  0.0 8.221332e-01 8.221332e-01          1
           hamming_loss 2.235926e-01  0.0 2.235926e-01 2.235926e-01          1
          positive_rate 4.728479e-01  0.0 4.728479e-01 4.728479e-01          1
     pred_positive_rate 5.301651e-01  0.0 5.301651e-01 5.301651e-01          1
      class_0_precision 7.350733e-01  0.0 7.350733e-01 7.350733e-01          1
         class_0_recall 8.241766e-01  0.0 8.241766e-01 8.241766e-01          1
             class_0_f1 7.770790e-01  0.0 7.770790e-01 7.770790e-01          1
                q_brier 7.896452e-02  0.0 7.896452e-02 7.896452e-02          1
                  q_mae 2.049158e-01  0.0 2.049158e-01 2.049158e-01          1
                 q_rmse 2.810063e-01  0.0 2.810063e-01 2.810063e-01          1
              q_pearson 7.415538e-01  0.0 7.415538e-01 7.415538e-01          1
             q_spearman 7.550059e-01  0.0 7.550059e-01 7.550059e-01          1
         q_spearman_pep 8.631189e-01  0.0 8.631189e-01 8.631189e-01          1
                 q_ndcg 9.895641e-01  0.0 9.895641e-01 9.895641e-01          1
     q_top10_enrichment 1.640638e+00  0.0 1.640638e+00 1.640638e+00          1
     q_top20_enrichment 1.598682e+00  0.0 1.598682e+00 1.598682e+00          1
    q_spearman_pep_cond 8.547355e-01  0.0 8.547355e-01 8.547355e-01          1
            q_ndcg_cond 9.789162e-01  0.0 9.789162e-01 9.789162e-01          1
q_top10_enrichment_cond 1.728301e+00  0.0 1.728301e+00 1.728301e+00          1
q_top20_enrichment_cond 1.657649e+00  0.0 1.657649e+00 1.657649e+00          1
     q_spearman_pep_seq 3.557308e-01  0.0 3.557308e-01 3.557308e-01          1
             q_ndcg_seq 9.658463e-01  0.0 9.658463e-01 9.658463e-01          1
 q_top10_enrichment_seq 1.221260e+00  0.0 1.221260e+00 1.221260e+00          1
 q_top20_enrichment_seq 1.115877e+00  0.0 1.115877e+00 1.115877e+00          1
                   seed 4.200000e+01  0.0 4.200000e+01 4.200000e+01          1
            best_val_f1 8.900357e-01  0.0 8.900357e-01 8.900357e-01          1
      n_train_bond_rows 1.001704e+07  0.0 1.001704e+07 1.001704e+07          1
       n_test_bond_rows 2.456682e+06  0.0 2.456682e+06 2.456682e+06          1
            fit_seconds 4.960000e+02  0.0 4.960000e+02 4.960000e+02          1
